################################################################################
#                                                                              #
#      IAR Universal Linker V6.5.2.97                                          #
#                                                                              #
#           Link time     =  21/Nov/2021  20:21:50                             #
#           Target CPU    =  x51                                               #
#           List file     =  c:\Users\16896\Documents\CC2530\BasicRF\Debug\Lis #
#                            t\BasicRF.map                                     #
#           Output file 1 =  c:\Users\16896\Documents\CC2530\BasicRF\Debug\Exe #
#                            \BasicRF.hex                                      #
#                            Format: intel-extended                            #
#           Output file 2 =  c:\Users\16896\Documents\CC2530\BasicRF\Debug\Exe #
#                            \BasicRF.d51                                      #
#                            Format: ubrof10                                   #
#                            UBROF version 10.0.6                              #
#                            Using library modules for C-SPY (-rt)             #
#           Command line  =  -f C:\Users\16896\AppData\Local\Temp\EW7AB9.tmp   #
#                            (c:\Users\16896\Documents\CC2530\BasicRF\Debug\Ob #
#                            j\adc.r51                                         #
#                            c:\Users\16896\Documents\CC2530\BasicRF\Debug\Obj #
#                            \basic_rf.r51                                     #
#                            c:\Users\16896\Documents\CC2530\BasicRF\Debug\Obj #
#                            \basic_rf_security.r51                            #
#                            c:\Users\16896\Documents\CC2530\BasicRF\Debug\Obj #
#                            \clock.r51                                        #
#                            c:\Users\16896\Documents\CC2530\BasicRF\Debug\Obj #
#                            \hal_assert.r51                                   #
#                            c:\Users\16896\Documents\CC2530\BasicRF\Debug\Obj #
#                            \hal_board.r51                                    #
#                            c:\Users\16896\Documents\CC2530\BasicRF\Debug\Obj #
#                            \hal_button.r51                                   #
#                            c:\Users\16896\Documents\CC2530\BasicRF\Debug\Obj #
#                            \hal_digio.r51                                    #
#                            c:\Users\16896\Documents\CC2530\BasicRF\Debug\Obj #
#                            \hal_int.r51                                      #
#                            c:\Users\16896\Documents\CC2530\BasicRF\Debug\Obj #
#                            \hal_joystick.r51                                 #
#                            c:\Users\16896\Documents\CC2530\BasicRF\Debug\Obj #
#                            \hal_lcd_srf05.r51                                #
#                            c:\Users\16896\Documents\CC2530\BasicRF\Debug\Obj #
#                            \hal_led.r51                                      #
#                            c:\Users\16896\Documents\CC2530\BasicRF\Debug\Obj #
#                            \hal_mcu.r51                                      #
#                            c:\Users\16896\Documents\CC2530\BasicRF\Debug\Obj #
#                            \hal_rf.r51                                       #
#                            c:\Users\16896\Documents\CC2530\BasicRF\Debug\Obj #
#                            \hal_rf_security.r51                              #
#                            c:\Users\16896\Documents\CC2530\BasicRF\Debug\Obj #
#                            \main.r51                                         #
#                            c:\Users\16896\Documents\CC2530\BasicRF\Debug\Obj #
#                            \util.r51                                         #
#                            c:\Users\16896\Documents\CC2530\BasicRF\Debug\Obj #
#                            \util_buffer.r51                                  #
#                            c:\Users\16896\Documents\CC2530\BasicRF\Debug\Obj #
#                            \util_lcd.r51                                     #
#                            -o                                                #
#                            c:\Users\16896\Documents\CC2530\BasicRF\Debug\Exe #
#                            \BasicRF.d51                                      #
#                            -l                                                #
#                            c:\Users\16896\Documents\CC2530\BasicRF\Debug\Lis #
#                            t\BasicRF.map                                     #
#                            -xmsn                                             #
#                            "-IC:/Program Files (x86)\IAR Systems\Embedded Wo #
#                            rkbench 8.0\8051\LIB\"                            #
#                            -f                                                #
#                            "C:/Program Files (x86)\IAR Systems\Embedded Work #
#                            bench 8.0\8051\config\devices\Texas Instruments\l #
#                            nk51ew_cc2540F256_banked.xcl"                     #
#                            (-D_IDATA0_START=0x00 -D_IDATA0_END=0xFF          #
#                            -D_PDATA0_START=0x1E00 -D_PDATA0_END=0x1EFF       #
#                            -D_IXDATA0_START=0x0001 -D_IXDATA0_END=0x1EFF     #
#                            -D_XDATA0_START=_IXDATA0_START                    #
#                            -D_XDATA0_END=_IXDATA0_END                        #
#                            -D_NEAR_CODE_START=0x0000                         #
#                            -D_FIRST_BANK_ADDR=0x10000 -D?REGISTER_BANK=0x0   #
#                            -D_REGISTER_BANK_START=0x0 -D_BREG_START=0x00     #
#                            -D?VB=0x20 -Z(BIT)BREG=_BREG_START                #
#                            -Z(BIT)BIT_N=0-7F                                 #
#                            -Z(DATA)REGISTERS+8=_REGISTER_BANK_START          #
#                            -Z(DATA)BDATA_Z,BDATA_N,BDATA_I=20-2F             #
#                            -Z(DATA)VREG=08-7F -Z(DATA)PSP,XSP=08-7F          #
#                            -Z(DATA)DOVERLAY=08-7F                            #
#                            -Z(DATA)DATA_I,DATA_Z,DATA_N=08-7F                #
#                            -U(IDATA)0-7F=(DATA)0-7F                          #
#                            -Z(IDATA)IDATA_I,IDATA_Z,IDATA_N=08-_IDATA0_END   #
#                            -Z(IDATA)ISTACK+_IDATA_STACK_SIZE#08-_IDATA0_END  #
#                            -Z(IDATA)IOVERLAY=08-FF -Z(CODE)INTVEC=0          #
#                            -Z(CODE)CSTART=_NEAR_CODE_START-(_CODEBANK_START- #
#                            1)                                                #
#                            -Z(CODE)BIT_ID,BDATA_ID,DATA_ID,IDATA_ID,IXDATA_I #
#                            D,PDATA_ID,XDATA_ID=_NEAR_CODE_START-(_CODEBANK_S #
#                            TART-1)                                           #
#                            -Z(CODE)BANK_RELAYS,RCODE,DIFUNCT,CODE_C,CODE_N,N #
#                            EAR_CODE=_NEAR_CODE_START-(_CODEBANK_START-1)     #
#                            -P(CODE)BANKED_CODE=_NEAR_CODE_START-(_CODEBANK_S #
#                            TART-1),[(_CODEBANK_START+_FIRST_BANK_ADDR)-(_COD #
#                            EBANK_END+_FIRST_BANK_ADDR)]*_NR_OF_BANKS+10000   #
#                            -Z(CODE)CHECKSUM#(_CODEBANK_START-1)              #
#                            -Z(XDATA)PDATA_Z,PDATA_I=_PDATA0_START-_PDATA0_EN #
#                            D                                                 #
#                            -P(XDATA)PDATA_N=_PDATA0_START-_PDATA0_END        #
#                            -Z(XDATA)PSTACK+_PDATA_STACK_SIZE=_PDATA0_START-_ #
#                            PDATA0_END                                        #
#                            -Z(XDATA)EXT_STACK+_EXTENDED_STACK_SIZE=_EXTENDED #
#                            _STACK_START                                      #
#                            -Z(XDATA)XSTACK+_XDATA_STACK_SIZE=_XDATA0_START-_ #
#                            XDATA0_END                                        #
#                            -Z(XDATA)IXDATA_Z,IXDATA_I=_IXDATA0_START-_IXDATA #
#                            0_END                                             #
#                            -P(XDATA)IXDATA_N=_IXDATA0_START-_IXDATA0_END     #
#                            -Z(XDATA)XDATA_Z,XDATA_I=_XDATA0_START-_XDATA0_EN #
#                            D                                                 #
#                            -P(XDATA)XDATA_N=_XDATA0_START-_XDATA0_END        #
#                            -Z(XDATA)XDATA_HEAP+_XDATA_HEAP_SIZE=_XDATA0_STAR #
#                            T-_XDATA0_END                                     #
#                            -Z(CONST)XDATA_ROM_C=_XDATA0_START-_XDATA0_END    #
#                            -cx51                                             #
#                            -M(CODE)[(_CODEBANK_START+_FIRST_BANK_ADDR)-(_COD #
#                            EBANK_END+_FIRST_BANK_ADDR)]*_NR_OF_BANKS+0x10000 #
#                            =0x8000                                           #
#                            -ww69=i -D_BANK0_START=0x00000                    #
#                            -D_BANK0_END=0x07FFF -D_BANK1_START=0x18000       #
#                            -D_BANK1_END=0x1FFFF -D_BANK2_START=0x28000       #
#                            -D_BANK2_END=0x2FFFF -D_BANK3_START=0x38000       #
#                            -D_BANK3_END=0x3FFFF -D_BANK4_START=0x48000       #
#                            -D_BANK4_END=0x4FFFF -D_BANK5_START=0x58000       #
#                            -D_BANK5_END=0x5FFFF -D_BANK6_START=0x68000       #
#                            -D_BANK6_END=0x6FFFF -D_BANK7_START=0x78000       #
#                            -D_BANK7_END=0x7FFFF                              #
#                            -P(CODE)BANK0=_BANK0_START-_BANK0_END             #
#                            -P(CODE)BANK1=_BANK1_START-_BANK1_END             #
#                            -P(CODE)BANK2=_BANK2_START-_BANK2_END             #
#                            -P(CODE)BANK3=_BANK3_START-_BANK3_END             #
#                            -P(CODE)BANK4=_BANK4_START-_BANK4_END             #
#                            -P(CODE)BANK5=_BANK5_START-_BANK5_END             #
#                            -P(CODE)BANK6=_BANK6_START-_BANK6_END             #
#                            -P(CODE)BANK7=_BANK7_START-_BANK7_END             #
#                            -D_FLASH_LOCK_BITS_START=0x7FFF0                  #
#                            -D_FLASH_LOCK_BITS_END=0x7FFFF                    #
#                            -Z(CODE)FLASH_LOCK_BITS=_FLASH_LOCK_BITS_START-_F #
#                            LASH_LOCK_BITS_END                                #
#                            -U(CODE)0x0000=(CODE)_FLASH_LOCK_BITS_START-_FLAS #
#                            H_LOCK_BITS_END)                                  #
#                            -D_NR_OF_VIRTUAL_REGISTERS=8 -D?PBANK=0x93        #
#                            -D?CBANK=0x9F -D?CBANK_MASK=0xFF                  #
#                            -e?BCALL_FF=?BCALL -e?BRET_FF=?BRET               #
#                            -e?BDISPATCH_FF=?BDISPATCH                        #
#                            -D_CODEBANK_START=0x8000 -D_CODEBANK_END=0xFFFF   #
#                            -D_NR_OF_BANKS=0x07                               #
#                            "-IC:/Program Files (x86)\IAR Systems\Embedded Wo #
#                            rkbench 8.0\8051\CONFIG\"                         #
#                            -e_medium_read=_formatted_read -rt                #
#                            -Ointel-extended=c:\Users\16896\Documents\CC2530\ #
#                            BasicRF\Debug\Exe\BasicRF.hex                     #
#                            -s __program_start                                #
#                            "C:/Program Files (x86)\IAR Systems\Embedded Work #
#                            bench 8.0\8051\LIB\CLIB\cl-pli-blxd-1e16x01.r51"  #
#                            -D_IDATA_STACK_SIZE=0x40 -D?ESP=0 -D?ESP_MASK=0   #
#                            -D_EXTENDED_STACK_START=0                         #
#                            -D_EXTENDED_STACK_SIZE=0                          #
#                            -D_PDATA_STACK_SIZE=0x80                          #
#                            -D_XDATA_STACK_SIZE=0x1FF                         #
#                            -D_XDATA_HEAP_SIZE=0xFF -D_FAR_HEAP_SIZE=0xFFF    #
#                            -D_HUGE_HEAP_SIZE=0xFFF                           #
#                            -D_FAR22_HEAP_SIZE=0xFFF)                         #
#                                                                              #
#                           Copyright (C) 1987-2017 IAR Systems AB.            #
################################################################################





                ****************************************
                *                                      *
                *           CROSS REFERENCE            *
                *                                      *
                ****************************************

       Program entry at : CODE      000000D7  Relocatable, from module : CSTARTUP




                ****************************************
                *                                      *
                *            RUNTIME MODEL             *
                *                                      *
                ****************************************

  __SystemLibrary          = CLib
  __calling_convention     = xdata_reentrant
  __code_model             = banked
  __core                   = plain
  __data_model             = large
  __dptr_size              = 16
  __extended_stack         = disabled
  __location_for_constants = data
  __number_of_dptrs        = 1
  __register_banks         = *
  __rt_version             = 1

                ****************************************
                *                                      *
                *    AUTOMATIC SYMBOL REDIRECTIONS     *
                *                                      *
                ****************************************

                  There are no automatic symbol redirections.



                ****************************************
                *                                      *
                *              MODULE MAP              *
                *                                      *
                ****************************************


  DEFINED ABSOLUTE ENTRIES
    *************************************************************************

  DEFINED ABSOLUTE ENTRIES
  PROGRAM MODULE, NAME : ?ABS_ENTRY_MOD

Absolute parts
           ENTRY                   ADDRESS         REF BY
           =====                   =======         ======
           _FAR22_HEAP_SIZE        00000FFF 
           _HUGE_HEAP_SIZE         00000FFF 
           _FAR_HEAP_SIZE          00000FFF 
           _XDATA_HEAP_SIZE        000000FF 
           _XDATA_STACK_SIZE       000001FF 
           _PDATA_STACK_SIZE       00000080 
           _EXTENDED_STACK_SIZE    00000000 
           _EXTENDED_STACK_START   00000000 
           ?ESP_MASK               00000000 
           ?ESP                    00000000 
           _IDATA_STACK_SIZE       00000040 
           _NR_OF_BANKS            00000007 
           _CODEBANK_END           0000FFFF 
           _CODEBANK_START         00008000 
           ?CBANK_MASK             000000FF 
           ?CBANK                  0000009F        ?RESET_CODE_BANK (CSTARTUP)
                                                   Segment part 0 (?BANKED_CODE_SUPPORT)
           ?PBANK                  00000093 
           _NR_OF_VIRTUAL_REGISTERS
                                   00000008 
           _FLASH_LOCK_BITS_END    0003FFFF 
           _FLASH_LOCK_BITS_START
                                   0003FFF0 
           _BANK7_END              0003FFFF 
           _BANK7_START            00038000 
           _BANK6_END              00037FFF 
           _BANK6_START            00030000 
           _BANK5_END              0002FFFF 
           _BANK5_START            00028000 
           _BANK4_END              00027FFF 
           _BANK4_START            00020000 
           _BANK3_END              0001FFFF 
           _BANK3_START            00018000 
           _BANK2_END              00017FFF 
           _BANK2_START            00010000 
           _BANK1_END              0000FFFF 
           _BANK1_START            00008000 
           _BANK0_END              00007FFF 
           _BANK0_START            00000000 
           ?VB                     00000020        ?BANKED_ENTER_XDATA (?BANKED_ENTER_XDATA)
                                                   ?BANKED_LEAVE_XDATA (?BANKED_LEAVE_XDATA)
                                                   ?INTERRUPT_ENTER_XSP (?INTERRUPT_ENTER_XSP)
                                                   ?INTERRUPT_LEAVE_XSP (?INTERRUPT_LEAVE_XSP)
           _BREG_START             00000000 
           _REGISTER_BANK_START    00000000 
           ?REGISTER_BANK          00000000        Segment part 6 (CSTARTUP)
           _FIRST_BANK_ADDR        00010000 
           _NEAR_CODE_START        00000000 
           _XDATA0_END             00001EFF 
           _XDATA0_START           00000001 
           _IXDATA0_END            00001EFF 
           _IXDATA0_START          00000001 
           _PDATA0_END             00001EFF 
           _PDATA0_START           00001E00 
           _IDATA0_END             000000FF 
           _IDATA0_START           00000000 
    *************************************************************************

  FILE NAME : c:\Users\16896\Documents\CC2530\BasicRF\Debug\Obj\adc.r51
  PROGRAM MODULE, NAME : adc

  SEGMENTS IN THE MODULE
  ======================
SFR_AN
  Relative segment, address: DATA 00000088 - 00000088 (0x1 bytes), align: 0
  Segment part 1. ROOT 
           ENTRY                   ADDRESS         REF BY
           =====                   =======         ======
           _A_TCON                 00000088 
           LOCAL                   ADDRESS         
           =====                   =======         
           TCON                    00000088 
    -------------------------------------------------------------------------
SFR_AN
  Relative segment, address: DATA 000000B6 - 000000B6 (0x1 bytes), align: 0
  Segment part 2. ROOT 
           ENTRY                   ADDRESS         REF BY
           =====                   =======         ======
           ADCCON3                 000000B6 
    -------------------------------------------------------------------------
SFR_AN
  Relative segment, address: DATA 000000BA - 000000BA (0x1 bytes), align: 0
  Segment part 3. ROOT 
           ENTRY                   ADDRESS         REF BY
           =====                   =======         ======
           ADCL                    000000BA 
    -------------------------------------------------------------------------
SFR_AN
  Relative segment, address: DATA 000000BB - 000000BB (0x1 bytes), align: 0
  Segment part 4. ROOT 
           ENTRY                   ADDRESS         REF BY
           =====                   =======         ======
           ADCH                    000000BB 
    -------------------------------------------------------------------------
SFR_AN
  Relative segment, address: DATA 000000F2 - 000000F2 (0x1 bytes), align: 0
  Segment part 5. ROOT 
           ENTRY                   ADDRESS         REF BY
           =====                   =======         ======
           ADCCFG                  000000F2 

    *************************************************************************

  FILE NAME : c:\Users\16896\Documents\CC2530\BasicRF\Debug\Obj\basic_rf.r51
  PROGRAM MODULE, NAME : basic_rf

  SEGMENTS IN THE MODULE
  ======================
XDATA_I
  Relative segment, address: XDATA 000002BD - 000002C8 (0xc bytes), align: 0
  Segment part 6.             Intra module refs:   basicRfInit
                                                   basicRfPacketIsReady
                                                   basicRfReceive
                                                   basicRfRxFrmDoneIsr
           LOCAL                   ADDRESS         
           =====                   =======         
           rxi                     000002BD 
    -------------------------------------------------------------------------
XDATA_Z
  Relative segment, address: XDATA 00000200 - 00000206 (0x7 bytes), align: 0
  Segment part 8.             Intra module refs:   basicRfInit
                                                   basicRfReceiveOn
                                                   basicRfRxFrmDoneIsr
           LOCAL                   ADDRESS         
           =====                   =======         
           txState                 00000200 
    -------------------------------------------------------------------------
XDATA_Z
  Relative segment, address: XDATA 00000207 - 00000208 (0x2 bytes), align: 0
  Segment part 9.             Intra module refs:   ?Subroutine5
                                                   basicRfInit
           LOCAL                   ADDRESS         
           =====                   =======         
           pConfig                 00000207 
    -------------------------------------------------------------------------
XDATA_Z
  Relative segment, address: XDATA 00000209 - 00000288 (0x80 bytes), align: 0
  Segment part 11.            Intra module refs:   ?Subroutine2
                                                   basicRfRxFrmDoneIsr
           LOCAL                   ADDRESS         
           =====                   =======         
           rxMpdu                  00000209 
    -------------------------------------------------------------------------
<BANKED_CODE> 1 (was BANKED_CODE)
  Relative segment, address: CODE 000004FE - 000005D9 (0xdc bytes), align: 0
  Segment part 12.            Intra module refs:   basicRfRxFrmDoneIsr::?relay
           LOCAL                   ADDRESS         
           =====                   =======         
           basicRfRxFrmDoneIsr     000004FE 
               calls direct, is indirectly called
               ISTACK = 00000000 ( 00000002 )
    -------------------------------------------------------------------------
<BANKED_CODE> 1 (was BANKED_CODE)
  Relative segment, address: CODE 000005DA - 000005E7 (0xe bytes), align: 0
  Segment part 14.            Intra module refs:   basicRfRxFrmDoneIsr
           LOCAL                   ADDRESS         
           =====                   =======         
           ?Subroutine2            000005DA 
    -------------------------------------------------------------------------
<BANKED_CODE> 1 (was BANKED_CODE)
  Relative segment, address: CODE 000005E8 - 000005E8 (0x1 bytes), align: 0
  Segment part 15.            Intra module refs:   basicRfPacketIsReady
           LOCAL                   ADDRESS         
           =====                   =======         
           ?Subroutine0            000005E8 
    -------------------------------------------------------------------------
<BANKED_CODE> 1 (was BANKED_CODE)
  Relative segment, address: CODE 000005E9 - 000005EF (0x7 bytes), align: 0
  Segment part 16.            Intra module refs:   ?Subroutine0
                                                   basicRfReceiveOn
                                                   basicRfRxFrmDoneIsr
    -------------------------------------------------------------------------
<BANKED_CODE> 1 (was BANKED_CODE)
  Relative segment, address: CODE 000005F0 - 00000660 (0x71 bytes), align: 0
  Segment part 17.            Intra module refs:   basicRfInit::?relay
           ENTRY                   ADDRESS         REF BY
           =====                   =======         ======
           basicRfInit             000005F0 
               calls direct
               XSTACK = 00000000 ( 00000009 )
    -------------------------------------------------------------------------
<BANKED_CODE> 1 (was BANKED_CODE)
  Relative segment, address: CODE 00000661 - 00000669 (0x9 bytes), align: 0
  Segment part 21.            Intra module refs:   basicRfInit
           LOCAL                   ADDRESS         
           =====                   =======         
           ?Subroutine4            00000661 
    -------------------------------------------------------------------------
<BANKED_CODE> 1 (was BANKED_CODE)
  Relative segment, address: CODE 0000066A - 0000066E (0x5 bytes), align: 0
  Segment part 22.            Intra module refs:   basicRfInit
           LOCAL                   ADDRESS         
           =====                   =======         
           ?Subroutine3            0000066A 
    -------------------------------------------------------------------------
<BANKED_CODE> 1 (was BANKED_CODE)
  Relative segment, address: CODE 0000066F - 0000067A (0xc bytes), align: 0
  Segment part 24.            Intra module refs:   ?Subroutine3
           LOCAL                   ADDRESS         
           =====                   =======         
           ?Subroutine5            0000066F 
    -------------------------------------------------------------------------
<BANKED_CODE> 1 (was BANKED_CODE)
  Relative segment, address: CODE 0000067B - 00000685 (0xb bytes), align: 0
  Segment part 25.            Intra module refs:   basicRfPacketIsReady::?relay
           ENTRY                   ADDRESS         REF BY
           =====                   =======         ======
           basicRfPacketIsReady    0000067B 
               ISTACK = 00000000 ( 00000002 )
    -------------------------------------------------------------------------
<BANKED_CODE> 1 (was BANKED_CODE)
  Relative segment, address: CODE 00000686 - 000006FA (0x75 bytes), align: 0
  Segment part 27.            Intra module refs:   basicRfReceive::?relay
           ENTRY                   ADDRESS         REF BY
           =====                   =======         ======
           basicRfReceive          00000686 
               calls direct
               XSTACK = 00000000 ( 00000010 )
    -------------------------------------------------------------------------
<BANKED_CODE> 1 (was BANKED_CODE)
  Relative segment, address: CODE 000006FB - 0000070A (0x10 bytes), align: 0
  Segment part 31.            Intra module refs:   basicRfReceiveOn::?relay
           ENTRY                   ADDRESS         REF BY
           =====                   =======         ======
           basicRfReceiveOn        000006FB 
               calls direct
               ISTACK = 00000000 ( 00000002 )
    -------------------------------------------------------------------------
XDATA_ID
  Relative segment, address: CODE 00000107 - 00000112 (0xc bytes), align: 0
  Segment part 7.             Intra module refs:   rxi
    -------------------------------------------------------------------------
BANK_RELAYS
  Relative segment, address: CODE 00000114 - 00000119 (0x6 bytes), align: 0
  Segment part 13.            Intra module refs:   basicRfInit
           LOCAL                   ADDRESS         
           =====                   =======         
           basicRfRxFrmDoneIsr::?relay
                                   00000114 
    -------------------------------------------------------------------------
BANK_RELAYS
  Relative segment, address: CODE 0000011A - 0000011F (0x6 bytes), align: 0
  Segment part 18.
           ENTRY                   ADDRESS         REF BY
           =====                   =======         ======
           basicRfInit::?relay     0000011A        main (main)
    -------------------------------------------------------------------------
BANK_RELAYS
  Relative segment, address: CODE 00000120 - 00000125 (0x6 bytes), align: 0
  Segment part 26.
           ENTRY                   ADDRESS         REF BY
           =====                   =======         ======
           basicRfPacketIsReady::?relay
                                   00000120        main (main)
    -------------------------------------------------------------------------
BANK_RELAYS
  Relative segment, address: CODE 00000126 - 0000012B (0x6 bytes), align: 0
  Segment part 28.
           ENTRY                   ADDRESS         REF BY
           =====                   =======         ======
           basicRfReceive::?relay
                                   00000126        main (main)
    -------------------------------------------------------------------------
BANK_RELAYS
  Relative segment, address: CODE 0000012C - 00000131 (0x6 bytes), align: 0
  Segment part 32.
           ENTRY                   ADDRESS         REF BY
           =====                   =======         ======
           basicRfReceiveOn::?relay
                                   0000012C        main (main)

    *************************************************************************

  FILE NAME : c:\Users\16896\Documents\CC2530\BasicRF\Debug\Obj\basic_rf_security.r51
    *************************************************************************

  FILE NAME : c:\Users\16896\Documents\CC2530\BasicRF\Debug\Obj\clock.r51
  PROGRAM MODULE, NAME : clock

  SEGMENTS IN THE MODULE
  ======================
SFR_AN
  Relative segment, address: DATA 0000009D - 0000009D (0x1 bytes), align: 0
  Segment part 1. ROOT        Intra module refs:   clockSetMainSrc
           ENTRY                   ADDRESS         REF BY
           =====                   =======         ======
           SLEEPSTA                0000009D 
    -------------------------------------------------------------------------
SFR_AN
  Relative segment, address: DATA 0000009E - 0000009E (0x1 bytes), align: 0
  Segment part 2. ROOT        Intra module refs:   clockSelect32k
                                                   clockSetMainSrc
                                                   halLcdSpiInit (hal_board)
           ENTRY                   ADDRESS         REF BY
           =====                   =======         ======
           CLKCONSTA               0000009E 
    -------------------------------------------------------------------------
SFR_AN
  Relative segment, address: DATA 000000BE - 000000BE (0x1 bytes), align: 0
  Segment part 3. ROOT        Intra module refs:   clockSetMainSrc
           ENTRY                   ADDRESS         REF BY
           =====                   =======         ======
           SLEEPCMD                000000BE 
    -------------------------------------------------------------------------
SFR_AN
  Relative segment, address: DATA 000000C6 - 000000C6 (0x1 bytes), align: 0
  Segment part 4. ROOT        Intra module refs:   clockSelect32k
                                                   clockSetMainSrc
           ENTRY                   ADDRESS         REF BY
           =====                   =======         ======
           CLKCONCMD               000000C6 
    -------------------------------------------------------------------------
<BANKED_CODE> 1 (was BANKED_CODE)
  Relative segment, address: CODE 00000A51 - 00000A83 (0x33 bytes), align: 0
  Segment part 10.            Intra module refs:   clockSetMainSrc::?relay
           ENTRY                   ADDRESS         REF BY
           =====                   =======         ======
           clockSetMainSrc         00000A51 
    -------------------------------------------------------------------------
<BANKED_CODE> 1 (was BANKED_CODE)
  Relative segment, address: CODE 00000A84 - 00000AAB (0x28 bytes), align: 0
  Segment part 12.            Intra module refs:   clockSelect32k::?relay
           ENTRY                   ADDRESS         REF BY
           =====                   =======         ======
           clockSelect32k          00000A84 
    -------------------------------------------------------------------------
BANK_RELAYS
  Relative segment, address: CODE 00000132 - 00000137 (0x6 bytes), align: 0
  Segment part 11.
           ENTRY                   ADDRESS         REF BY
           =====                   =======         ======
           clockSetMainSrc::?relay
                                   00000132        halMcuInit (hal_mcu)
    -------------------------------------------------------------------------
BANK_RELAYS
  Relative segment, address: CODE 00000138 - 0000013D (0x6 bytes), align: 0
  Segment part 13.
           ENTRY                   ADDRESS         REF BY
           =====                   =======         ======
           clockSelect32k::?relay
                                   00000138        halMcuInit (hal_mcu)

    *************************************************************************

  FILE NAME : c:\Users\16896\Documents\CC2530\BasicRF\Debug\Obj\hal_assert.r51
  PROGRAM MODULE, NAME : hal_assert

  SEGMENTS IN THE MODULE
  ======================
<BANKED_CODE> 1 (was BANKED_CODE)
  Relative segment, address: CODE 00000AF2 - 00000B12 (0x21 bytes), align: 0
  Segment part 6.             Intra module refs:   halAssertHandler::?relay
           ENTRY                   ADDRESS         REF BY
           =====                   =======         ======
           halAssertHandler        00000AF2 
               calls direct
               ISTACK = 00000000 ( 00000002 )
    -------------------------------------------------------------------------
BANK_RELAYS
  Relative segment, address: CODE 0000013E - 00000143 (0x6 bytes), align: 0
  Segment part 7.
           ENTRY                   ADDRESS         REF BY
           =====                   =======         ======
           halAssertHandler::?relay
                                   0000013E        halMcuInit (hal_mcu)
                                                   main (main)

    *************************************************************************

  FILE NAME : c:\Users\16896\Documents\CC2530\BasicRF\Debug\Obj\hal_board.r51
  PROGRAM MODULE, NAME : hal_board

  SEGMENTS IN THE MODULE
  ======================
SFR_AN
  Relative segment, address: DATA 00000080 - 00000080 (0x1 bytes), align: 0
  Segment part 1. ROOT        Intra module refs:   HalLcd_HW_Control (hal_lcd_srf05)
                                                   HalLcd_HW_Write (hal_lcd_srf05)
                                                   halBoardInit
                                                   halLcdInit (hal_lcd_srf05)
                                                   halLedSet (hal_led)
                                                   halLedToggle (hal_led)
           ENTRY                   ADDRESS         REF BY
           =====                   =======         ======
           _A_P0                   00000080 
           LOCAL                   ADDRESS         
           =====                   =======         
           P0                      00000080 
    -------------------------------------------------------------------------
SFR_AN
  Relative segment, address: DATA 0000008F - 0000008F (0x1 bytes), align: 0
  Segment part 2. ROOT        Intra module refs:   halBoardInit
           ENTRY                   ADDRESS         REF BY
           =====                   =======         ======
           P0INP                   0000008F 
    -------------------------------------------------------------------------
SFR_AN
  Relative segment, address: DATA 00000090 - 00000090 (0x1 bytes), align: 0
  Segment part 3. ROOT        Intra module refs:   HalLcd_HW_Control (hal_lcd_srf05)
                                                   HalLcd_HW_Write (hal_lcd_srf05)
                                                   halBoardInit
                                                   halLcdInit (hal_lcd_srf05)
                                                   halLedSet (hal_led)
                                                   halLedToggle (hal_led)
           ENTRY                   ADDRESS         REF BY
           =====                   =======         ======
           _A_P1                   00000090 
           LOCAL                   ADDRESS         
           =====                   =======         
           P1                      00000090 
    -------------------------------------------------------------------------
SFR_AN
  Relative segment, address: DATA 000000F1 - 000000F1 (0x1 bytes), align: 0
  Segment part 5. ROOT        Intra module refs:   halLcdSpiInit
           ENTRY                   ADDRESS         REF BY
           =====                   =======         ======
           PERCFG                  000000F1 
    -------------------------------------------------------------------------
SFR_AN
  Relative segment, address: DATA 000000F3 - 000000F3 (0x1 bytes), align: 0
  Segment part 6. ROOT        Intra module refs:   halBoardInit
                                                   halLcdInit (hal_lcd_srf05)
           ENTRY                   ADDRESS         REF BY
           =====                   =======         ======
           P0SEL                   000000F3 
    -------------------------------------------------------------------------
SFR_AN
  Relative segment, address: DATA 000000F4 - 000000F4 (0x1 bytes), align: 0
  Segment part 7. ROOT        Intra module refs:   halLcdInit (hal_lcd_srf05)
                                                   halLcdSpiInit
           ENTRY                   ADDRESS         REF BY
           =====                   =======         ======
           P1SEL                   000000F4 
    -------------------------------------------------------------------------
SFR_AN
  Relative segment, address: DATA 000000F5 - 000000F5 (0x1 bytes), align: 0
  Segment part 8. ROOT        Intra module refs:   halBoardInit
           ENTRY                   ADDRESS         REF BY
           =====                   =======         ======
           P2SEL                   000000F5 
    -------------------------------------------------------------------------
SFR_AN
  Relative segment, address: DATA 000000F6 - 000000F6 (0x1 bytes), align: 0
  Segment part 9. ROOT 
           ENTRY                   ADDRESS         REF BY
           =====                   =======         ======
           P1INP                   000000F6 
    -------------------------------------------------------------------------
SFR_AN
  Relative segment, address: DATA 000000F7 - 000000F7 (0x1 bytes), align: 0
  Segment part 10. ROOT       Intra module refs:   halBoardInit
           ENTRY                   ADDRESS         REF BY
           =====                   =======         ======
           P2INP                   000000F7 
    -------------------------------------------------------------------------
SFR_AN
  Relative segment, address: DATA 000000F8 - 000000F8 (0x1 bytes), align: 0
  Segment part 11. ROOT       Intra module refs:   HalLcd_HW_Control (hal_lcd_srf05)
                                                   HalLcd_HW_Write (hal_lcd_srf05)
                                                   halLcdSpiInit
           ENTRY                   ADDRESS         REF BY
           =====                   =======         ======
           _A_U1CSR                000000F8 
           LOCAL                   ADDRESS         
           =====                   =======         
           U1CSR                   000000F8 
    -------------------------------------------------------------------------
SFR_AN
  Relative segment, address: DATA 000000FA - 000000FA (0x1 bytes), align: 0
  Segment part 12. ROOT       Intra module refs:   halLcdSpiInit
           ENTRY                   ADDRESS         REF BY
           =====                   =======         ======
           U1BAUD                  000000FA 
    -------------------------------------------------------------------------
SFR_AN
  Relative segment, address: DATA 000000FB - 000000FB (0x1 bytes), align: 0
  Segment part 13. ROOT       Intra module refs:   halLcdSpiInit
           ENTRY                   ADDRESS         REF BY
           =====                   =======         ======
           U1UCR                   000000FB 
    -------------------------------------------------------------------------
SFR_AN
  Relative segment, address: DATA 000000FC - 000000FC (0x1 bytes), align: 0
  Segment part 14. ROOT       Intra module refs:   halLcdSpiInit
           ENTRY                   ADDRESS         REF BY
           =====                   =======         ======
           U1GCR                   000000FC 
    -------------------------------------------------------------------------
SFR_AN
  Relative segment, address: DATA 000000FD - 000000FD (0x1 bytes), align: 0
  Segment part 15. ROOT       Intra module refs:   halBoardInit
                                                   halLcdInit (hal_lcd_srf05)
           ENTRY                   ADDRESS         REF BY
           =====                   =======         ======
           P0DIR                   000000FD 
    -------------------------------------------------------------------------
SFR_AN
  Relative segment, address: DATA 000000FE - 000000FE (0x1 bytes), align: 0
  Segment part 16. ROOT       Intra module refs:   halBoardInit
                                                   halLcdInit (hal_lcd_srf05)
           ENTRY                   ADDRESS         REF BY
           =====                   =======         ======
           P1DIR                   000000FE 
    -------------------------------------------------------------------------
SFR_AN
  Relative segment, address: DATA 000000FF - 000000FF (0x1 bytes), align: 0
  Segment part 17. ROOT       Intra module refs:   halBoardInit
           ENTRY                   ADDRESS         REF BY
           =====                   =======         ======
           P2DIR                   000000FF 
    -------------------------------------------------------------------------
<BANKED_CODE> 1 (was BANKED_CODE)
  Relative segment, address: CODE 00000928 - 00000967 (0x40 bytes), align: 0
  Segment part 23.            Intra module refs:   halBoardInit::?relay
           ENTRY                   ADDRESS         REF BY
           =====                   =======         ======
           halBoardInit            00000928 
               calls direct
               ISTACK = 00000000 ( 00000002 )
    -------------------------------------------------------------------------
<BANKED_CODE> 1 (was BANKED_CODE)
  Relative segment, address: CODE 00000968 - 00000986 (0x1f bytes), align: 0
  Segment part 25.            Intra module refs:   halLcdSpiInit::?relay
           ENTRY                   ADDRESS         REF BY
           =====                   =======         ======
           halLcdSpiInit           00000968 
    -------------------------------------------------------------------------
<BANKED_CODE> 1 (was BANKED_CODE)
  Relative segment, address: CODE 00000987 - 00000990 (0xa bytes), align: 0
  Segment part 29.            Intra module refs:   halLcdSpiInit
           LOCAL                   ADDRESS         
           =====                   =======         
           ?Subroutine0            00000987 
    -------------------------------------------------------------------------
BANK_RELAYS
  Relative segment, address: CODE 00000144 - 00000149 (0x6 bytes), align: 0
  Segment part 24.
           ENTRY                   ADDRESS         REF BY
           =====                   =======         ======
           halBoardInit::?relay    00000144        main (main)
    -------------------------------------------------------------------------
BANK_RELAYS
  Relative segment, address: CODE 0000014A - 0000014F (0x6 bytes), align: 0
  Segment part 26.            Intra module refs:   halBoardInit
           ENTRY                   ADDRESS         REF BY
           =====                   =======         ======
           halLcdSpiInit::?relay   0000014A 

    *************************************************************************

  FILE NAME : c:\Users\16896\Documents\CC2530\BasicRF\Debug\Obj\hal_button.r51
  PROGRAM MODULE, NAME : hal_button

  SEGMENTS IN THE MODULE
  ======================

    *************************************************************************

  FILE NAME : c:\Users\16896\Documents\CC2530\BasicRF\Debug\Obj\hal_digio.r51
  PROGRAM MODULE, NAME : hal_digio

  SEGMENTS IN THE MODULE
  ======================
SFR_AN
  Relative segment, address: DATA 00000089 - 00000089 (0x1 bytes), align: 0
  Segment part 2. ROOT        Intra module refs:   port0_ISR
           ENTRY                   ADDRESS         REF BY
           =====                   =======         ======
           P0IFG                   00000089 
    -------------------------------------------------------------------------
SFR_AN
  Relative segment, address: DATA 0000008A - 0000008A (0x1 bytes), align: 0
  Segment part 3. ROOT        Intra module refs:   port1_ISR
           ENTRY                   ADDRESS         REF BY
           =====                   =======         ======
           P1IFG                   0000008A 
    -------------------------------------------------------------------------
SFR_AN
  Relative segment, address: DATA 0000008B - 0000008B (0x1 bytes), align: 0
  Segment part 4. ROOT        Intra module refs:   port2_ISR
           ENTRY                   ADDRESS         REF BY
           =====                   =======         ======
           P2IFG                   0000008B 
    -------------------------------------------------------------------------
SFR_AN
  Relative segment, address: DATA 0000008C - 0000008C (0x1 bytes), align: 0
  Segment part 5. ROOT 
           ENTRY                   ADDRESS         REF BY
           =====                   =======         ======
           PICTL                   0000008C 
    -------------------------------------------------------------------------
SFR_AN
  Relative segment, address: DATA 0000008D - 0000008D (0x1 bytes), align: 0
  Segment part 6. ROOT 
           ENTRY                   ADDRESS         REF BY
           =====                   =======         ======
           P1IEN                   0000008D 
    -------------------------------------------------------------------------
SFR_AN
  Relative segment, address: DATA 0000009A - 0000009A (0x1 bytes), align: 0
  Segment part 8. ROOT        Intra module refs:   halRfDisableRxInterrupt (hal_rf)
                                                   halRfEnableRxInterrupt (hal_rf)
           ENTRY                   ADDRESS         REF BY
           =====                   =======         ======
           IEN2                    0000009A 
    -------------------------------------------------------------------------
SFR_AN
  Relative segment, address: DATA 000000A0 - 000000A0 (0x1 bytes), align: 0
  Segment part 9. ROOT 
           ENTRY                   ADDRESS         REF BY
           =====                   =======         ======
           _A_P2                   000000A0 
           LOCAL                   ADDRESS         
           =====                   =======         
           P2                      000000A0 
    -------------------------------------------------------------------------
SFR_AN
  Relative segment, address: DATA 000000A8 - 000000A8 (0x1 bytes), align: 0
  Segment part 10. ROOT       Intra module refs:   halIntOff (hal_int)
                                                   halIntOn (hal_int)
                                                   halRfRxInterruptConfig (hal_rf)
                                                   rfIsr (hal_rf)
           ENTRY                   ADDRESS         REF BY
           =====                   =======         ======
           _A_IEN0                 000000A8 
           LOCAL                   ADDRESS         
           =====                   =======         
           IEN0                    000000A8 
    -------------------------------------------------------------------------
SFR_AN
  Relative segment, address: DATA 000000AB - 000000AB (0x1 bytes), align: 0
  Segment part 11. ROOT 
           ENTRY                   ADDRESS         REF BY
           =====                   =======         ======
           P0IEN                   000000AB 
    -------------------------------------------------------------------------
SFR_AN
  Relative segment, address: DATA 000000AC - 000000AC (0x1 bytes), align: 0
  Segment part 12. ROOT 
           ENTRY                   ADDRESS         REF BY
           =====                   =======         ======
           P2IEN                   000000AC 
    -------------------------------------------------------------------------
SFR_AN
  Relative segment, address: DATA 000000B8 - 000000B8 (0x1 bytes), align: 0
  Segment part 13. ROOT 
           ENTRY                   ADDRESS         REF BY
           =====                   =======         ======
           _A_IEN1                 000000B8 
           LOCAL                   ADDRESS         
           =====                   =======         
           IEN1                    000000B8 
    -------------------------------------------------------------------------
SFR_AN
  Relative segment, address: DATA 000000C0 - 000000C0 (0x1 bytes), align: 0
  Segment part 14. ROOT       Intra module refs:   port0_ISR
           ENTRY                   ADDRESS         REF BY
           =====                   =======         ======
           _A_IRCON                000000C0 
           LOCAL                   ADDRESS         
           =====                   =======         
           IRCON                   000000C0 
    -------------------------------------------------------------------------
SFR_AN
  Relative segment, address: DATA 000000E8 - 000000E8 (0x1 bytes), align: 0
  Segment part 15. ROOT       Intra module refs:   port1_ISR
                                                   port2_ISR
           ENTRY                   ADDRESS         REF BY
           =====                   =======         ======
           _A_IRCON2               000000E8 
           LOCAL                   ADDRESS         
           =====                   =======         
           IRCON2                  000000E8 
    -------------------------------------------------------------------------
XDATA_Z
  Relative segment, address: XDATA 00000289 - 00000298 (0x10 bytes), align: 0
  Segment part 30.            Intra module refs:   ?Subroutine3
           LOCAL                   ADDRESS         
           =====                   =======         
           port0_isr_tbl           00000289 
    -------------------------------------------------------------------------
XDATA_Z
  Relative segment, address: XDATA 00000299 - 000002A8 (0x10 bytes), align: 0
  Segment part 31.            Intra module refs:   ?Subroutine4
           LOCAL                   ADDRESS         
           =====                   =======         
           port1_isr_tbl           00000299 
    -------------------------------------------------------------------------
XDATA_Z
  Relative segment, address: XDATA 000002A9 - 000002B2 (0xa bytes), align: 0
  Segment part 32.            Intra module refs:   ?Subroutine5
           LOCAL                   ADDRESS         
           =====                   =======         
           port2_isr_tbl           000002A9 
    -------------------------------------------------------------------------
NEAR_CODE
  Relative segment, address: CODE 000003C2 - 00000401 (0x40 bytes), align: 0
  Segment part 55.            Intra module refs:   port0_ISR::??INTVEC 107
           ENTRY                   ADDRESS         REF BY
           =====                   =======         ======
           port0_ISR               000003C2 
               interrupt function
               XSTACK = 00000000 ( 0000000F )
    -------------------------------------------------------------------------
NEAR_CODE
  Relative segment, address: CODE 00000402 - 00000406 (0x5 bytes), align: 0
  Segment part 56.            Intra module refs:   port0_ISR
                                                   port1_ISR
                                                   port2_ISR
           LOCAL                   ADDRESS         
           =====                   =======         
           ?Subroutine1            00000402 
    -------------------------------------------------------------------------
NEAR_CODE
  Relative segment, address: CODE 00000407 - 00000414 (0xe bytes), align: 0
  Segment part 57.            Intra module refs:   port0_ISR
           LOCAL                   ADDRESS         
           =====                   =======         
           ?Subroutine3            00000407 
    -------------------------------------------------------------------------
NEAR_CODE
  Relative segment, address: CODE 00000415 - 00000456 (0x42 bytes), align: 0
  Segment part 58.            Intra module refs:   port1_ISR::??INTVEC 123
           ENTRY                   ADDRESS         REF BY
           =====                   =======         ======
           port1_ISR               00000415 
               interrupt function
               XSTACK = 00000000 ( 0000000F )
    -------------------------------------------------------------------------
NEAR_CODE
  Relative segment, address: CODE 00000457 - 00000464 (0xe bytes), align: 0
  Segment part 59.            Intra module refs:   port1_ISR
           LOCAL                   ADDRESS         
           =====                   =======         
           ?Subroutine4            00000457 
    -------------------------------------------------------------------------
NEAR_CODE
  Relative segment, address: CODE 00000465 - 0000046C (0x8 bytes), align: 0
  Segment part 60.            Intra module refs:   ?Subroutine3
                                                   ?Subroutine4
                                                   ?Subroutine5
           LOCAL                   ADDRESS         
           =====                   =======         
           ?Subroutine7            00000465 
    -------------------------------------------------------------------------
NEAR_CODE
  Relative segment, address: CODE 0000046D - 00000474 (0x8 bytes), align: 0
  Segment part 61.            Intra module refs:   ?Subroutine3
                                                   ?Subroutine4
                                                   ?Subroutine5
           LOCAL                   ADDRESS         
           =====                   =======         
           ?Subroutine6            0000046D 
    -------------------------------------------------------------------------
NEAR_CODE
  Relative segment, address: CODE 00000475 - 000004B7 (0x43 bytes), align: 0
  Segment part 62.            Intra module refs:   port2_ISR::??INTVEC 51
           ENTRY                   ADDRESS         REF BY
           =====                   =======         ======
           port2_ISR               00000475 
               interrupt function
               XSTACK = 00000000 ( 0000000F )
    -------------------------------------------------------------------------
NEAR_CODE
  Relative segment, address: CODE 000004B8 - 000004C5 (0xe bytes), align: 0
  Segment part 63.            Intra module refs:   port2_ISR
           LOCAL                   ADDRESS         
           =====                   =======         
           ?Subroutine5            000004B8 
    -------------------------------------------------------------------------
INTVEC
  Common segment, address: CODE 00000000 - 00000035 (0x36 bytes), align: 0
  Segment part 22. ROOT 
           ENTRY                   ADDRESS         REF BY
           =====                   =======         ======
           port2_ISR::??INTVEC 51
                                   00000033 
    -------------------------------------------------------------------------
INTVEC
  Common segment, address: CODE 00000000 - 0000006D (0x6e bytes), align: 0
  Segment part 23. ROOT 
           ENTRY                   ADDRESS         REF BY
           =====                   =======         ======
           port0_ISR::??INTVEC 107
                                   0000006B 
    -------------------------------------------------------------------------
INTVEC
  Common segment, address: CODE 00000000 - 0000007D (0x7e bytes), align: 0
  Segment part 24. ROOT 
           ENTRY                   ADDRESS         REF BY
           =====                   =======         ======
           port1_ISR::??INTVEC 123
                                   0000007B 

    *************************************************************************

  FILE NAME : c:\Users\16896\Documents\CC2530\BasicRF\Debug\Obj\hal_int.r51
  PROGRAM MODULE, NAME : hal_int

  SEGMENTS IN THE MODULE
  ======================
<BANKED_CODE> 1 (was BANKED_CODE)
  Relative segment, address: CODE 00000B1D - 00000B21 (0x5 bytes), align: 0
  Segment part 7.             Intra module refs:   halIntOn::?relay
           ENTRY                   ADDRESS         REF BY
           =====                   =======         ======
           halIntOn                00000B1D 
    -------------------------------------------------------------------------
<BANKED_CODE> 1 (was BANKED_CODE)
  Relative segment, address: CODE 00000B22 - 00000B26 (0x5 bytes), align: 0
  Segment part 9.             Intra module refs:   halIntOff::?relay
           ENTRY                   ADDRESS         REF BY
           =====                   =======         ======
           halIntOff               00000B22 
    -------------------------------------------------------------------------
BANK_RELAYS
  Relative segment, address: CODE 00000150 - 00000155 (0x6 bytes), align: 0
  Segment part 8.
           ENTRY                   ADDRESS         REF BY
           =====                   =======         ======
           halIntOn::?relay        00000150        basicRfInit (basic_rf)
                                                   basicRfReceive (basic_rf)
                                                   basicRfRxFrmDoneIsr (basic_rf)
                                                   halBoardInit (hal_board)
    -------------------------------------------------------------------------
BANK_RELAYS
  Relative segment, address: CODE 00000156 - 0000015B (0x6 bytes), align: 0
  Segment part 10.
           ENTRY                   ADDRESS         REF BY
           =====                   =======         ======
           halIntOff::?relay       00000156        basicRfInit (basic_rf)
                                                   basicRfReceive (basic_rf)
                                                   basicRfRxFrmDoneIsr (basic_rf)

    *************************************************************************

  FILE NAME : c:\Users\16896\Documents\CC2530\BasicRF\Debug\Obj\hal_joystick.r51
  PROGRAM MODULE, NAME : hal_joystick

  SEGMENTS IN THE MODULE
  ======================

    *************************************************************************

  FILE NAME : c:\Users\16896\Documents\CC2530\BasicRF\Debug\Obj\hal_lcd_srf05.r51
  PROGRAM MODULE, NAME : hal_lcd_srf05

  SEGMENTS IN THE MODULE
  ======================
SFR_AN
  Relative segment, address: DATA 000000F9 - 000000F9 (0x1 bytes), align: 0
  Segment part 6. ROOT        Intra module refs:   HalLcd_HW_Control
                                                   HalLcd_HW_Write
           ENTRY                   ADDRESS         REF BY
           =====                   =======         ======
           U1DBUF                  000000F9 
    -------------------------------------------------------------------------
<BANKED_CODE> 1 (was BANKED_CODE)
  Relative segment, address: CODE 0000070B - 0000071A (0x10 bytes), align: 0
  Segment part 18.            Intra module refs:   HalLcd_HW_Control::?relay
           LOCAL                   ADDRESS         
           =====                   =======         
           HalLcd_HW_Control       0000070B 
               XSTACK = 00000009 ( 00000000 )
    -------------------------------------------------------------------------
<BANKED_CODE> 1 (was BANKED_CODE)
  Relative segment, address: CODE 0000071B - 0000071F (0x5 bytes), align: 0
  Segment part 20.            Intra module refs:   HalLcd_HW_Control
                                                   HalLcd_HW_Write
           LOCAL                   ADDRESS         
           =====                   =======         
           ?Subroutine0            0000071B 
    -------------------------------------------------------------------------
<BANKED_CODE> 1 (was BANKED_CODE)
  Relative segment, address: CODE 00000720 - 00000731 (0x12 bytes), align: 0
  Segment part 21.            Intra module refs:   HalLcd_HW_Write::?relay
           LOCAL                   ADDRESS         
           =====                   =======         
           HalLcd_HW_Write         00000720 
               XSTACK = 00000011 ( 00000000 )
    -------------------------------------------------------------------------
<BANKED_CODE> 1 (was BANKED_CODE)
  Relative segment, address: CODE 00000732 - 00000751 (0x20 bytes), align: 0
  Segment part 26.            Intra module refs:   SET_DDRAM_ADDR::?relay
           LOCAL                   ADDRESS         
           =====                   =======         
           SET_DDRAM_ADDR          00000732 
               calls direct
               XSTACK = 00000011 ( 00000009 )
    -------------------------------------------------------------------------
<BANKED_CODE> 1 (was BANKED_CODE)
  Relative segment, address: CODE 00000752 - 000007B3 (0x62 bytes), align: 0
  Segment part 28.            Intra module refs:   halLcdInit::?relay
           ENTRY                   ADDRESS         REF BY
           =====                   =======         ======
           halLcdInit              00000752 
               calls direct
               ISTACK = 00000000 ( 00000002 )
    -------------------------------------------------------------------------
<BANKED_CODE> 1 (was BANKED_CODE)
  Relative segment, address: CODE 000007B4 - 000007D8 (0x25 bytes), align: 0
  Segment part 30.            Intra module refs:   halLcdClear::?relay
           ENTRY                   ADDRESS         REF BY
           =====                   =======         ======
           halLcdClear             000007B4 
               calls direct
               XSTACK = 00000000 ( 00000009 )
    -------------------------------------------------------------------------
<BANKED_CODE> 1 (was BANKED_CODE)
  Relative segment, address: CODE 000007D9 - 000007DC (0x4 bytes), align: 0
  Segment part 32.            Intra module refs:   SET_DDRAM_ADDR
                                                   halLcdSetContrast
           LOCAL                   ADDRESS         
           =====                   =======         
           ?Subroutine1            000007D9 
    -------------------------------------------------------------------------
<BANKED_CODE> 1 (was BANKED_CODE)
  Relative segment, address: CODE 000007DD - 000007E1 (0x5 bytes), align: 0
  Segment part 33.            Intra module refs:   ?Subroutine1
                                                   halLcdClear
    -------------------------------------------------------------------------
<BANKED_CODE> 1 (was BANKED_CODE)
  Relative segment, address: CODE 000007E2 - 000007F0 (0xf bytes), align: 0
  Segment part 34.            Intra module refs:   halLcdSetContrast::?relay
           ENTRY                   ADDRESS         REF BY
           =====                   =======         ======
           halLcdSetContrast       000007E2 
               calls direct
               XSTACK = 00000000 ( 00000009 )
    -------------------------------------------------------------------------
BANK_RELAYS
  Relative segment, address: CODE 0000015C - 00000161 (0x6 bytes), align: 0
  Segment part 19.            Intra module refs:   ?Subroutine1
                                                   SET_DDRAM_ADDR
                                                   halLcdInit
                                                   halLcdSetContrast
           LOCAL                   ADDRESS         
           =====                   =======         
           HalLcd_HW_Control::?relay
                                   0000015C 
    -------------------------------------------------------------------------
BANK_RELAYS
  Relative segment, address: CODE 00000162 - 00000167 (0x6 bytes), align: 0
  Segment part 22.            Intra module refs:   halLcdClear
           LOCAL                   ADDRESS         
           =====                   =======         
           HalLcd_HW_Write::?relay
                                   00000162 
    -------------------------------------------------------------------------
BANK_RELAYS
  Relative segment, address: CODE 00000168 - 0000016D (0x6 bytes), align: 0
  Segment part 27.            Intra module refs:   halLcdClear
           LOCAL                   ADDRESS         
           =====                   =======         
           SET_DDRAM_ADDR::?relay
                                   00000168 
    -------------------------------------------------------------------------
BANK_RELAYS
  Relative segment, address: CODE 0000016E - 00000173 (0x6 bytes), align: 0
  Segment part 29.
           ENTRY                   ADDRESS         REF BY
           =====                   =======         ======
           halLcdInit::?relay      0000016E        halBoardInit (hal_board)
    -------------------------------------------------------------------------
BANK_RELAYS
  Relative segment, address: CODE 00000174 - 00000179 (0x6 bytes), align: 0
  Segment part 31.            Intra module refs:   halLcdInit
           ENTRY                   ADDRESS         REF BY
           =====                   =======         ======
           halLcdClear::?relay     00000174 
    -------------------------------------------------------------------------
BANK_RELAYS
  Relative segment, address: CODE 0000017A - 0000017F (0x6 bytes), align: 0
  Segment part 35.            Intra module refs:   halLcdInit
           ENTRY                   ADDRESS         REF BY
           =====                   =======         ======
           halLcdSetContrast::?relay
                                   0000017A 

    *************************************************************************

  FILE NAME : c:\Users\16896\Documents\CC2530\BasicRF\Debug\Obj\hal_led.r51
  PROGRAM MODULE, NAME : hal_led

  SEGMENTS IN THE MODULE
  ======================
XDATA_Z
  Relative segment, address: XDATA 000002B3 - 000002B3 (0x1 bytes), align: 0
  Segment part 8.             Intra module refs:   halLedSet
                                                   halLedToggle
           ENTRY                   ADDRESS         REF BY
           =====                   =======         ======
           led4State               000002B3 
    -------------------------------------------------------------------------
<BANKED_CODE> 1 (was BANKED_CODE)
  Relative segment, address: CODE 000009F5 - 00000A1B (0x27 bytes), align: 0
  Segment part 9.             Intra module refs:   halLedSet::?relay
           ENTRY                   ADDRESS         REF BY
           =====                   =======         ======
           halLedSet               000009F5 
               ISTACK = 00000000 ( 00000002 )
    -------------------------------------------------------------------------
<BANKED_CODE> 1 (was BANKED_CODE)
  Relative segment, address: CODE 00000A1C - 00000A22 (0x7 bytes), align: 0
  Segment part 11.            Intra module refs:   halLedSet
                                                   halLedToggle
           LOCAL                   ADDRESS         
           =====                   =======         
           ?Subroutine0            00000A1C 
    -------------------------------------------------------------------------
<BANKED_CODE> 1 (was BANKED_CODE)
  Relative segment, address: CODE 00000A23 - 00000A50 (0x2e bytes), align: 0
  Segment part 14.            Intra module refs:   halLedToggle::?relay
           ENTRY                   ADDRESS         REF BY
           =====                   =======         ======
           halLedToggle            00000A23 
               ISTACK = 00000000 ( 00000002 )
    -------------------------------------------------------------------------
BANK_RELAYS
  Relative segment, address: CODE 00000180 - 00000185 (0x6 bytes), align: 0
  Segment part 10.
           ENTRY                   ADDRESS         REF BY
           =====                   =======         ======
           halLedSet::?relay       00000180        main (main)
    -------------------------------------------------------------------------
BANK_RELAYS
  Relative segment, address: CODE 00000186 - 0000018B (0x6 bytes), align: 0
  Segment part 15.
           ENTRY                   ADDRESS         REF BY
           =====                   =======         ======
           halLedToggle::?relay    00000186        halAssertHandler (hal_assert)
                                                   main (main)

    *************************************************************************

  FILE NAME : c:\Users\16896\Documents\CC2530\BasicRF\Debug\Obj\hal_mcu.r51
  PROGRAM MODULE, NAME : hal_mcu

  SEGMENTS IN THE MODULE
  ======================
SFR_AN
  Relative segment, address: DATA 000000C9 - 000000C9 (0x1 bytes), align: 0
  Segment part 1. ROOT 
           ENTRY                   ADDRESS         REF BY
           =====                   =======         ======
           WDCTL                   000000C9 
    -------------------------------------------------------------------------
<BANKED_CODE> 1 (was BANKED_CODE)
  Relative segment, address: CODE 000008AC - 000008D3 (0x28 bytes), align: 0
  Segment part 7.             Intra module refs:   halMcuInit::?relay
           ENTRY                   ADDRESS         REF BY
           =====                   =======         ======
           halMcuInit              000008AC 
               calls direct
               ISTACK = 00000000 ( 00000002 )
    -------------------------------------------------------------------------
<BANKED_CODE> 1 (was BANKED_CODE)
  Relative segment, address: CODE 000008D4 - 00000900 (0x2d bytes), align: 0
  Segment part 9.             Intra module refs:   halMcuWaitUs::?relay
           ENTRY                   ADDRESS         REF BY
           =====                   =======         ======
           halMcuWaitUs            000008D4 
               XSTACK = 00000009 ( 00000000 )
    -------------------------------------------------------------------------
<BANKED_CODE> 1 (was BANKED_CODE)
  Relative segment, address: CODE 00000901 - 00000927 (0x27 bytes), align: 0
  Segment part 11.            Intra module refs:   halMcuWaitMs::?relay
           ENTRY                   ADDRESS         REF BY
           =====                   =======         ======
           halMcuWaitMs            00000901 
               calls direct
               XSTACK = 00000000 ( 00000009 )
    -------------------------------------------------------------------------
BANK_RELAYS
  Relative segment, address: CODE 0000018C - 00000191 (0x6 bytes), align: 0
  Segment part 8.
           ENTRY                   ADDRESS         REF BY
           =====                   =======         ======
           halMcuInit::?relay      0000018C        halBoardInit (hal_board)
    -------------------------------------------------------------------------
BANK_RELAYS
  Relative segment, address: CODE 00000192 - 00000197 (0x6 bytes), align: 0
  Segment part 10.            Intra module refs:   halMcuWaitMs
           ENTRY                   ADDRESS         REF BY
           =====                   =======         ======
           halMcuWaitUs::?relay    00000192 
    -------------------------------------------------------------------------
BANK_RELAYS
  Relative segment, address: CODE 00000198 - 0000019D (0x6 bytes), align: 0
  Segment part 12.
           ENTRY                   ADDRESS         REF BY
           =====                   =======         ======
           halMcuWaitMs::?relay    00000198        halAssertHandler (hal_assert)

    *************************************************************************

  FILE NAME : c:\Users\16896\Documents\CC2530\BasicRF\Debug\Obj\hal_rf.r51
  PROGRAM MODULE, NAME : hal_rf

  SEGMENTS IN THE MODULE
  ======================
SFR_AN
  Relative segment, address: DATA 00000091 - 00000091 (0x1 bytes), align: 0
  Segment part 1. ROOT 
           ENTRY                   ADDRESS         REF BY
           =====                   =======         ======
           RFIRQF1                 00000091 
    -------------------------------------------------------------------------
SFR_AN
  Relative segment, address: DATA 0000009B - 0000009B (0x1 bytes), align: 0
  Segment part 3. ROOT        Intra module refs:   rfIsr
           ENTRY                   ADDRESS         REF BY
           =====                   =======         ======
           S1CON                   0000009B 
    -------------------------------------------------------------------------
SFR_AN
  Relative segment, address: DATA 000000D9 - 000000D9 (0x1 bytes), align: 0
  Segment part 5. ROOT        Intra module refs:   halRfReadRxBuf
           ENTRY                   ADDRESS         REF BY
           =====                   =======         ======
           RFD                     000000D9 
    -------------------------------------------------------------------------
SFR_AN
  Relative segment, address: DATA 000000E1 - 000000E1 (0x1 bytes), align: 0
  Segment part 6. ROOT        Intra module refs:   halRfReceiveOn
           ENTRY                   ADDRESS         REF BY
           =====                   =======         ======
           RFST                    000000E1 
    -------------------------------------------------------------------------
SFR_AN
  Relative segment, address: DATA 000000E9 - 000000E9 (0x1 bytes), align: 0
  Segment part 7. ROOT        Intra module refs:   rfIsr
           ENTRY                   ADDRESS         REF BY
           =====                   =======         ======
           RFIRQF0                 000000E9 
    -------------------------------------------------------------------------
XDATA_Z
  Relative segment, address: XDATA 000002B4 - 000002B5 (0x2 bytes), align: 0
  Segment part 24.            Intra module refs:   halRfRxInterruptConfig
                                                   rfIsr
           LOCAL                   ADDRESS         
           =====                   =======         
           pfISR                   000002B4 
    -------------------------------------------------------------------------
XDATA_I
  Relative segment, address: XDATA 000002C9 - 000002C9 (0x1 bytes), align: 0
  Segment part 25.            Intra module refs:   halRfGetRssiOffset
           LOCAL                   ADDRESS         
           =====                   =======         
           rssiOffset              000002C9 
    -------------------------------------------------------------------------
<BANKED_CODE> 1 (was BANKED_CODE)
  Relative segment, address: CODE 000007F1 - 0000080F (0x1f bytes), align: 0
  Segment part 27.            Intra module refs:   halRfInit::?relay
           ENTRY                   ADDRESS         REF BY
           =====                   =======         ======
           halRfInit               000007F1 
               calls direct
               ISTACK = 00000000 ( 00000002 )
    -------------------------------------------------------------------------
<BANKED_CODE> 1 (was BANKED_CODE)
  Relative segment, address: CODE 00000810 - 00000813 (0x4 bytes), align: 0
  Segment part 29.            Intra module refs:   halRfInit
           LOCAL                   ADDRESS         
           =====                   =======         
           ?Subroutine3            00000810 
    -------------------------------------------------------------------------
<BANKED_CODE> 1 (was BANKED_CODE)
  Relative segment, address: CODE 00000814 - 00000814 (0x1 bytes), align: 0
  Segment part 32.            Intra module refs:   halRfGetRssiOffset
           LOCAL                   ADDRESS         
           =====                   =======         
           ?Subroutine2            00000814 
    -------------------------------------------------------------------------
<BANKED_CODE> 1 (was BANKED_CODE)
  Relative segment, address: CODE 00000815 - 00000817 (0x3 bytes), align: 0
  Segment part 33.            Intra module refs:   ?Subroutine2
    -------------------------------------------------------------------------
<BANKED_CODE> 1 (was BANKED_CODE)
  Relative segment, address: CODE 00000818 - 00000820 (0x9 bytes), align: 0
  Segment part 38.            Intra module refs:   halRfGetRssiOffset::?relay
           ENTRY                   ADDRESS         REF BY
           =====                   =======         ======
           halRfGetRssiOffset      00000818 
               ISTACK = 00000000 ( 00000002 )
    -------------------------------------------------------------------------
<BANKED_CODE> 1 (was BANKED_CODE)
  Relative segment, address: CODE 00000821 - 00000823 (0x3 bytes), align: 0
  Segment part 40.            Intra module refs:   halRfSetPanId
                                                   halRfSetShortAddr
           LOCAL                   ADDRESS         
           =====                   =======         
           ?Subroutine0            00000821 
    -------------------------------------------------------------------------
<BANKED_CODE> 1 (was BANKED_CODE)
  Relative segment, address: CODE 00000824 - 00000824 (0x1 bytes), align: 0
  Segment part 41.            Intra module refs:   ?Subroutine0
                                                   halRfSetChannel
    -------------------------------------------------------------------------
<BANKED_CODE> 1 (was BANKED_CODE)
  Relative segment, address: CODE 00000825 - 0000082B (0x7 bytes), align: 0
  Segment part 42.            Intra module refs:   ?Subroutine3
                                                   Segment part 33
                                                   Segment part 41
                                                   halRfDisableRxInterrupt
                                                   halRfEnableRxInterrupt
                                                   halRfReadRxBuf
                                                   halRfRxInterruptConfig
    -------------------------------------------------------------------------
<BANKED_CODE> 1 (was BANKED_CODE)
  Relative segment, address: CODE 0000082C - 0000083B (0x10 bytes), align: 0
  Segment part 43.            Intra module refs:   halRfSetChannel::?relay
           ENTRY                   ADDRESS         REF BY
           =====                   =======         ======
           halRfSetChannel         0000082C 
               ISTACK = 00000000 ( 00000002 )
    -------------------------------------------------------------------------
<BANKED_CODE> 1 (was BANKED_CODE)
[...]
                                                   ?INTERRUPT_ENTER_XSP (?INTERRUPT_ENTER_XSP)
                                                   ?INTERRUPT_LEAVE_XSP (?INTERRUPT_LEAVE_XSP)
                                                   ?RESET_XSP (CSTARTUP)
                                                   ?XSTACK_DISP0_8 (?XSTACK_DISP8)

    -------------------------------------------------------------------------
  LIBRARY MODULE, NAME : ?BANKED_CODE_SUPPORT

  SEGMENTS IN THE MODULE
  ======================
CSTART
  Relative segment, address: CODE 000000E9 - 00000106 (0x1e bytes), align: 0
  Segment part 0.
           ENTRY                   ADDRESS         REF BY
           =====                   =======         ======
           ?BCALL_FF               000000E9        ?call_main (?cmain)
           ?BRET_FF                000000EF        ?BANKED_LEAVE_XDATA (?BANKED_LEAVE_XDATA)
                                                   ?Subroutine0 (hal_lcd_srf05)
                                                   ?Subroutine0 (hal_led)
                                                   Segment part 16 (basic_rf)
                                                   Segment part 42 (hal_rf)
                                                   clockSelect32k (clock)
                                                   clockSetMainSrc (clock)
                                                   halBoardInit (hal_board)
                                                   halIntOff (hal_int)
                                                   halIntOn (hal_int)
                                                   halLcdInit (hal_lcd_srf05)
                                                   halLcdSpiInit (hal_board)
                                                   halMcuInit (hal_mcu)
                                                   halMcuWaitUs (hal_mcu)
                                                   halRfReceiveOn (hal_rf)
                                                   min (util)
           ?BDISPATCH_FF           000000F2        HalLcd_HW_Control::?relay (hal_lcd_srf05)
                                                   HalLcd_HW_Write::?relay (hal_lcd_srf05)
                                                   SET_DDRAM_ADDR::?relay (hal_lcd_srf05)
                                                   basicRfInit::?relay (basic_rf)
                                                   basicRfPacketIsReady::?relay (basic_rf)
                                                   basicRfReceive::?relay (basic_rf)
                                                   basicRfReceiveOn::?relay (basic_rf)
                                                   basicRfRxFrmDoneIsr::?relay (basic_rf)
                                                   clockSelect32k::?relay (clock)
                                                   clockSetMainSrc::?relay (clock)
                                                   halAssertHandler::?relay (hal_assert)
                                                   halBoardInit::?relay (hal_board)
                                                   halIntOff::?relay (hal_int)
                                                   halIntOn::?relay (hal_int)
                                                   halLcdClear::?relay (hal_lcd_srf05)
                                                   halLcdInit::?relay (hal_lcd_srf05)
                                                   halLcdSetContrast::?relay (hal_lcd_srf05)
                                                   halLcdSpiInit::?relay (hal_board)
                                                   halLedSet::?relay (hal_led)
                                                   halLedToggle::?relay (hal_led)
                                                   halMcuInit::?relay (hal_mcu)
                                                   halMcuWaitMs::?relay (hal_mcu)
                                                   halMcuWaitUs::?relay (hal_mcu)
                                                   halRfDisableRxInterrupt::?relay (hal_rf)
                                                   halRfEnableRxInterrupt::?relay (hal_rf)
                                                   halRfGetRssiOffset::?relay (hal_rf)
                                                   halRfInit::?relay (hal_rf)
                                                   halRfReadRxBuf::?relay (hal_rf)
                                                   halRfReceiveOn::?relay (hal_rf)
                                                   halRfRxInterruptConfig::?relay (hal_rf)
                                                   halRfSetChannel::?relay (hal_rf)
                                                   halRfSetPanId::?relay (hal_rf)
                                                   halRfSetShortAddr::?relay (hal_rf)
                                                   memcpy::?relay (?memcpy)
                                                   min::?relay (util)

    -------------------------------------------------------------------------
  LIBRARY MODULE, NAME : ?MOVE_LONG8_XDATA_IDATA

  SEGMENTS IN THE MODULE
  ======================
RCODE
  Relative segment, address: CODE 000001E6 - 000001F2 (0xd bytes), align: 0
  Segment part 0.
           ENTRY                   ADDRESS         REF BY
           =====                   =======         ======
           ?MOVE_LONG8_XDATA_IDATA
                                   000001E6        ?PUSH_XSTACK_I (?PUSH_XSTACK_I)

    -------------------------------------------------------------------------
  LIBRARY MODULE, NAME : ?S_SHL

  SEGMENTS IN THE MODULE
  ======================
RCODE
  Relative segment, address: CODE 000001F3 - 000001F5 (0x3 bytes), align: 0
  Segment part 0.
           ENTRY                   ADDRESS         REF BY
           =====                   =======         ======
           ?S_SHL                  000001F3        port0_ISR (hal_digio)
                                                   port1_ISR (hal_digio)
                                                   port2_ISR (hal_digio)
    -------------------------------------------------------------------------
RCODE
  Relative segment, address: CODE 000001F6 - 000001F8 (0x3 bytes), align: 0
  Segment part 1.             Intra module refs:   Segment part 2
           ENTRY                   ADDRESS         REF BY
           =====                   =======         ======
           ?S_SHL_REW              000001F6 
    -------------------------------------------------------------------------
RCODE
  Relative segment, address: CODE 000001F9 - 00000205 (0xd bytes), align: 0
  Segment part 2.             Intra module refs:   ?S_SHL
                                                   ?S_SHL_REW

    -------------------------------------------------------------------------
  LIBRARY MODULE, NAME : ?DEALLOC_XSTACK8

  SEGMENTS IN THE MODULE
  ======================
RCODE
  Relative segment, address: CODE 00000206 - 00000220 (0x1b bytes), align: 0
  Segment part 0.
           ENTRY                   ADDRESS         REF BY
           =====                   =======         ======
           ?DEALLOC_XSTACK8        00000206        basicRfReceive (basic_rf)

    -------------------------------------------------------------------------
  LIBRARY MODULE, NAME : ?ADD_XSTACK_DISP8

  SEGMENTS IN THE MODULE
  ======================
RCODE
  Relative segment, address: CODE 00000221 - 0000023B (0x1b bytes), align: 0
  Segment part 1.
           ENTRY                   ADDRESS         REF BY
           =====                   =======         ======
           ?ADD_XSTACK_DISP0_8     00000221        ?PUSH_XSTACK_I (?PUSH_XSTACK_I)

    -------------------------------------------------------------------------
  LIBRARY MODULE, NAME : ?XSTACK_DISP8

  SEGMENTS IN THE MODULE
  ======================
RCODE
  Relative segment, address: CODE 0000023C - 00000245 (0xa bytes), align: 0
  Segment part 1.
           ENTRY                   ADDRESS         REF BY
           =====                   =======         ======
           ?XSTACK_DISP0_8         0000023C        memcpy (?memcpy)

    -------------------------------------------------------------------------
  LIBRARY MODULE, NAME : ?CALL_IND

  SEGMENTS IN THE MODULE
  ======================
RCODE
  Relative segment, address: CODE 00000246 - 00000247 (0x2 bytes), align: 0
  Segment part 0.
           ENTRY                   ADDRESS         REF BY
           =====                   =======         ======
           ?CALL_IND               00000246        port0_ISR (hal_digio)
                                                   port1_ISR (hal_digio)
                                                   port2_ISR (hal_digio)
                                                   rfIsr (hal_rf)

    -------------------------------------------------------------------------
  LIBRARY MODULE, NAME : ?BANKED_ENTER_XDATA

  SEGMENTS IN THE MODULE
  ======================
RCODE
  Relative segment, address: CODE 00000248 - 000002B3 (0x6c bytes), align: 0
  Segment part 1.
           ENTRY                   ADDRESS         REF BY
           =====                   =======         ======
           ?BANKED_ENTER_XDATA     00000248        SET_DDRAM_ADDR (hal_lcd_srf05)
                                                   basicRfInit (basic_rf)
                                                   basicRfReceive (basic_rf)
                                                   halLcdClear (hal_lcd_srf05)
                                                   halLcdSetContrast (hal_lcd_srf05)
                                                   halMcuWaitMs (hal_mcu)
                                                   memcpy (?memcpy)

    -------------------------------------------------------------------------
  LIBRARY MODULE, NAME : ?BANKED_LEAVE_XDATA

  SEGMENTS IN THE MODULE
  ======================
RCODE
  Relative segment, address: CODE 000002B4 - 000002F9 (0x46 bytes), align: 0
  Segment part 1.
           ENTRY                   ADDRESS         REF BY
           =====                   =======         ======
           ?BANKED_LEAVE_XDATA     000002B4        Segment part 33 (hal_lcd_srf05)
                                                   basicRfInit (basic_rf)
                                                   basicRfReceive (basic_rf)
                                                   halMcuWaitMs (hal_mcu)
                                                   memcpy (?memcpy)

    -------------------------------------------------------------------------
  LIBRARY MODULE, NAME : ?INTERRUPT_ENTER_XSP

  SEGMENTS IN THE MODULE
  ======================
RCODE
  Relative segment, address: CODE 000002FA - 00000358 (0x5f bytes), align: 0
  Segment part 1.
           ENTRY                   ADDRESS         REF BY
           =====                   =======         ======
           ?INTERRUPT_ENTER_XSP    000002FA        port0_ISR (hal_digio)
                                                   port1_ISR (hal_digio)
                                                   port2_ISR (hal_digio)
                                                   rfIsr (hal_rf)

    -------------------------------------------------------------------------
  LIBRARY MODULE, NAME : ?INTERRUPT_LEAVE_XSP

  SEGMENTS IN THE MODULE
  ======================
RCODE
  Relative segment, address: CODE 00000359 - 000003B0 (0x58 bytes), align: 0
  Segment part 1.
           ENTRY                   ADDRESS         REF BY
           =====                   =======         ======
           ?INTERRUPT_LEAVE_XSP    00000359        ?Subroutine1 (hal_digio)
                                                   rfIsr (hal_rf)

    -------------------------------------------------------------------------
  LIBRARY MODULE, NAME : ?PUSH_XSTACK_I

  SEGMENTS IN THE MODULE
  ======================
RCODE
  Relative segment, address: CODE 000003B1 - 000003B4 (0x4 bytes), align: 0
  Segment part 2.
           ENTRY                   ADDRESS         REF BY
           =====                   =======         ======
           ?PUSH_XSTACK_I_TWO      000003B1        basicRfReceive (basic_rf)
    -------------------------------------------------------------------------
RCODE
  Relative segment, address: CODE 000003B5 - 000003C1 (0xd bytes), align: 0
  Segment part 4.             Intra module refs:   ?PUSH_XSTACK_I_TWO
           ENTRY                   ADDRESS         REF BY
           =====                   =======         ======
           ?PUSH_XSTACK_I          000003B5 

    -------------------------------------------------------------------------
  LIBRARY MODULE, NAME : ?memcpy

  SEGMENTS IN THE MODULE
  ======================
<BANKED_CODE> 1 (was BANKED_CODE)
  Relative segment, address: CODE 00000AAC - 00000AF1 (0x46 bytes), align: 0
  Segment part 6.             Intra module refs:   memcpy::?relay
           ENTRY                   ADDRESS         REF BY
           =====                   =======         ======
           memcpy                  00000AAC 
               XSTACK = 00000002 ( 0000000A )
               ISTACK = 00000000 ( 00000001 )
    -------------------------------------------------------------------------
BANK_RELAYS
  Relative segment, address: CODE 000001E0 - 000001E5 (0x6 bytes), align: 0
  Segment part 7.
           ENTRY                   ADDRESS         REF BY
           =====                   =======         ======
           memcpy::?relay          000001E0        basicRfReceive (basic_rf)




                ****************************************
                *                                      *
                *            MODULE SUMMARY            *
                *                                      *
                ****************************************

Module                    CODE      DATA      XDATA  IDATA    BIT
------                    ----      ----      -----  -----    ---
                         (Rel)  (Rel)  (Abs)  (Rel)  (Rel)  (Rel)
?ADD_XSTACK_DISP8           27
?BANKED_CODE_SUPPORT        30
?BANKED_ENTER_XDATA        108
?BANKED_LEAVE_XDATA         70
?CALL_IND                    2
?DEALLOC_XSTACK8            27
?INTERRUPT_ENTER_XSP        95
?INTERRUPT_LEAVE_XSP        88
?MOVE_LONG8_XDATA_IDATA     13
?PUSH_XSTACK_I              17
?S_SHL                      19
?XSTACK_DISP8               10
?cexit                       5
?cmain                      76
?memcpy                     76
CSTARTUP                    18
  + common                   3
VIRTUAL_REGISTERS                   8                           8
adc                                        5
basic_rf                   567                  149
clock                      103             3
  + shared                                 1
hal_assert                  39
hal_board                  117             5
  + shared                                11
hal_digio                  260            10     42
  + shared                 126             3
  + common
hal_int                     22
hal_lcd_srf05              266             1
hal_led                    104                    1
hal_mcu                    142             1
hal_rf                     304             5      3
  + common                 134
hal_rf_security                            3
main                       100                    7
util                        16
N/A (command line)                  8           511     64
N/A (alignment)
----------               -----     --     --    ---     --      -
Total:                   2 721     16     48    713     64      8
  + common                 134


                ****************************************
                *                                      *
                *      SEGMENTS IN ADDRESS ORDER       *
                *                                      *
                ****************************************


SEGMENT              SPACE    START ADDRESS   END ADDRESS     SIZE  TYPE  ALIGN
=======              =====    =============   ===========     ====  ====  =====
INTVEC               CODE          00000000 - 00000085          86   com    0
CSTART               CODE          00000086 - 00000106          81   rel    0
IXDATA_ID            CODE               00000107                     dse    0
IDATA_ID             CODE               00000107                     dse    0
BDATA_ID             CODE               00000107                     dse    0
PDATA_ID             CODE               00000107                     dse    0
BIT_ID               CODE               00000107                     dse    0
DATA_ID              CODE               00000107                     dse    0
XDATA_ID             CODE          00000107 - 00000113           D   rel    0
BANK_RELAYS          CODE          00000114 - 000001E5          D2   rel    0
RCODE                CODE          000001E6 - 000003C1         1DC   rel    0
CODE_C               CODE               000003C2                     dse    0
DIFUNCT              CODE               000003C2                     dse    0
CODE_N               CODE               000003C2                     dse    0
NEAR_CODE            CODE          000003C2 - 000004FD         13C   rel    0
<BANKED_CODE> 1      CODE          000004FE - 00000B26         629   rel    0
REGISTERS            DATA          00000000 - 00000007           8   rel    0
VREG                 DATA          00000008 - 0000000D           6   rel    0
PSP                  DATA               0000000E                     dse    0
XSP                  DATA          0000000E - 0000000F           2   rel    0
BREG                 BIT        00000020.0  -  00000020.7        8   rel    0
SFR_AN               DATA          00000080 - 00000080           1   rel    0
                     DATA          00000088 - 0000008D           6 
                     DATA          0000008F - 00000091           3 
                     DATA          0000009A - 0000009B           2 
                     DATA          0000009D - 0000009E           2 
                     DATA          000000A0 - 000000A0           1 
                     DATA          000000A8 - 000000A8           1 
                     DATA          000000AB - 000000AC           2 
                     DATA          000000B1 - 000000B3           3 
                     DATA          000000B6 - 000000B6           1 
                     DATA          000000B8 - 000000B8           1 
                     DATA          000000BA - 000000BB           2 
                     DATA          000000BE - 000000BE           1 
                     DATA          000000C0 - 000000C0           1 
                     DATA          000000C6 - 000000C6           1 
                     DATA          000000C9 - 000000C9           1 
                     DATA          000000D9 - 000000D9           1 
                     DATA          000000E1 - 000000E1           1 
                     DATA          000000E8 - 000000E9           2 
                     DATA          000000F1 - 000000FF           F 
XSTACK               XDATA         00000001 - 000001FF         1FF   rel    0
XDATA_Z              XDATA         00000200 - 000002BC          BD   rel    0
XDATA_I              XDATA         000002BD - 000002C9           D   rel    0
ISTACK               IDATA         000000C0 - 000000FF          40   rel    0

                ****************************************
                *                                      *
                *        END OF CROSS REFERENCE        *
                *                                      *
                ****************************************

 2 855 bytes of CODE  memory
    16 bytes of DATA  memory (+ 48 absolute )
   713 bytes of XDATA memory
    64 bytes of IDATA memory
     8 bits  of BIT   memory

Errors: none
Warnings: none

